---
source: tui/tests/vt100_chatwidget_snapshot.rs
expression: empty_frame
---
 +------------------------------------------------------------------------------------------------+
 |                                               Kay                                              |
 +------------------------------------------------------------------------------------------------+

 • Hello! How can I help you today?



 • I can help with various tasks including:

   - Writing code
   - Reading files
   - Running commands



 +----------------------------------- Select Model & Reasoning -----------------------------------+
 | Selected model: GPT-5.4                                                                        |
 | Last response model: waiting for a completed response                                          |
 | Reasoning effort: Low                                                                          |
 |                                                                                                |
 | Mode Settings                                                                                  |
 | Fast mode speeds up OpenAI replies. 1M Context is available on supported models.               |
 | › Fast Mode: disabled                                                                          |
 |   1M Context: auto                                                                             |
 | Press Enter to cycle Disabled, Enabled, and Auto.                                              |
 |                                                                                                |
 | No models are unlocked yet.                                                                    |
 |                                                                                                |
 | ↑↓ Navigate  Enter Select  Esc Cancel                                                          |
 +------------------------------------------------------------------------------------------------+
